[{"name":"No Shame","Artists":[{"name":"Thom D'Arcy","role":"writer","imdbID":"","image":""},{"name":"Kevin James Maher","role":"writer","imdbID":"nm3410591","image":""},{"name":"Bradley Moss","role":"writer","imdbID":"nm0608921","image":""},{"name":"David Ogilvie","role":"writer","imdbID":"nm0644693","image":""},{"name":"Rob Sanzo","role":"writer","imdbID":"","image":""},{"name":"Chrystal Leigh","role":"writer","imdbID":"nm3622825","image":""},{"name":"Jakalope","role":"performer","imdbID":"","image":""}]}]