[{"name":"I believe in Love","Artists":[{"name":"Amaziah Davis","role":"composer","imdbID":"","image":""},{"name":"Mooose","role":"performer","imdbID":"","image":""}]},{"name":"Cloud Nine","Artists":[{"name":"Amaziah Davis","role":"composer","imdbID":"","image":""},{"name":"Mooose","role":"performer","imdbID":"","image":""}]},{"name":"Desiderata De Moose (AKA Skiddleyboots)","Artists":[{"name":"Amaziah Davis","role":"composer","imdbID":"","image":""},{"name":"Mooose","role":"performer","imdbID":"","image":""}]},{"name":"Works of Art","Artists":[{"name":"Paddy Nash","role":"composer","imdbID":"","image":""}]}]