[{"name":"MONDAY, MONDAY","Artists":[{"name":"The Mamas and the Papas","role":"performer","imdbID":"nm2135108","image":""},{"name":"John Phillips","role":"writer","imdbID":"nm0680512","image":""}]},{"name":"Don't Wish Your Life Away","Artists":[{"name":"Jared Lee","role":"writer","imdbID":"","image":""},{"name":"Samantha DeRosa","role":"writer","imdbID":"","image":""},{"name":"Daniel Whittemore","role":"writer","imdbID":"","image":""},{"name":"Jared Lee","role":"performer","imdbID":"","image":""}]}]