[{"name":"Just Got Paid","Artists":[{"name":"George Astasio","role":"writer","imdbID":"nm2197109","image":""},{"name":"Sigala","role":"writer","imdbID":"nm7823798","image":""},{"name":"French Montana","role":"writer","imdbID":"nm6141163","image":""},{"name":"Steve Manovski","role":"writer","imdbID":"nm10406494","image":""},{"name":"Ella Eyre","role":"writer","imdbID":"nm6587534","image":""},{"name":"Jason Pebworth","role":"writer","imdbID":"nm2195387","image":""},{"name":"Nile Rodgers","role":"writer","imdbID":"nm0734755","image":""},{"name":"Jon Shave","role":"writer","imdbID":"nm5959561","image":""},{"name":"Meghan Trainor","role":"writer","imdbID":"nm6574838","image":""},{"name":"Sigala","role":"performer","imdbID":"nm7823798","image":""},{"name":"Ella Eyre","role":"performer","imdbID":"nm6587534","image":""},{"name":"Meghan Trainor","role":"performer","imdbID":"nm6574838","image":""},{"name":"French Montana","role":"performer","imdbID":"nm6141163","image":""}]}]